---------------------------------------------------
Your Ktrans DataFrame
---------------------------------------------------
                  Mean      STD     Max      Min
Ktrans ID1 ID2                                  
ktrans 294 0    0.0123  0.00250  0.0326  0.00425
           1    0.0115  0.00450  0.0224  0.00354
           2    0.0121  0.00740  0.0422  0.00228
           3    0.0098  0.00470  0.0253  0.00177
           4    0.0187  0.00520  0.0309  0.00326
           5    0.0121  0.00290  0.0468  0.00292
           6    0.0073  0.00320  0.0103  0.00865
           7    0.0041  0.00250  0.0276  0.00342
       295 0    0.0123  0.00125  0.0326  0.00425
           1    0.0118  0.00664  0.0133  0.00242
           2    0.5411  0.00896  0.0505  0.00601
           3    0.8471  0.00843  0.0554  0.00808
           4    0.0676  0.01116  0.0939  0.00162
           5    0.0199  0.00763  0.0045  0.00496
           6    0.0131  0.00923  0.0889  0.00411
           7    0.0024  0.00616  0.0385  0.00315

---------------------------------------------------
Your dicoef DataFrame
---------------------------------------------------
                   Mean     STD     Max      Min
Difcoef ID1 ID2                                 
difcoef 294 0    0.0123  0.0025  0.0326  0.00425
            1    0.0041  0.0025  0.0276  0.00342
            2    0.0115  0.0045  0.0224  0.00354
            3    0.0073  0.0032  0.0103  0.00865
            4    0.0021  0.0531  0.0135  0.00101
            5    0.7807  0.0018  0.0117  0.00567
            6    0.0745  0.0037  0.9284  0.01695
            7    0.0189  0.0064  0.0186  0.02807
        295 0    0.0088  0.0043  0.0897  0.00982
            1    0.0228  0.0013  0.0096  0.00858
            2    0.1516  0.0099  0.0314  0.01761
            3    0.0423  0.0033  0.0126  0.01381
            4    0.0012  0.0074  0.0327  0.01947
            5    0.0166  0.0079  0.0331  0.03469
            6    0.0048  0.0029  0.0243  0.00213
            7    0.0525  0.0096  0.0054  0.69161

---------------------------------------------------
Your Pixel Enchancement Averages DataFrame
---------------------------------------------------
                                  1      2      3      4      5      6   \
Pixel enhancement Ave ID1 ID2                                             
enhanc(t)             294 0    3.926  5.013  4.329  4.426  5.036  4.627   
                          1    3.984  4.773  3.146  3.281  4.435  4.434   
                          2    3.067  4.128  4.919  4.613  5.047  4.475   
                          3    2.478  3.053  3.038  3.114  3.825  3.353   
                          4    3.238  4.231  4.045  4.151  3.147  4.355   
                          5    3.396  4.103  3.741  3.996  3.397  4.092   
                          6    2.502  3.607  3.123  3.006  3.784  3.126   
                          7    3.832  4.043  3.429  3.455  3.706  3.432   
                      295 0    4.889  5.434  6.864  4.371  4.189  5.967   
                          1    3.903  4.801  4.649  4.429  4.309  4.933   
                          2    5.905  7.385  6.408  6.311  6.268  6.997   
                          3    6.357  7.551  6.628  6.513  6.486  6.502   
                          4    5.061  6.893  4.829  6.229  7.126  4.406   
                          5    4.653  6.187  4.535  5.638  5.948  4.788   
                          6    4.569  5.832  5.211  5.024  5.108  5.548   
                          7    3.614  4.454  4.097  3.975  3.868  4.037   

                                  7      8      9      10  
Pixel enhancement Ave ID1 ID2                              
enhanc(t)             294 0    4.858  3.364  4.764  4.247  
                          1    4.643  3.162  5.696  3.401  
                          2    3.932  3.398  5.827  3.634  
                          3    3.475  2.737  3.334  3.482  
                          4    4.707  3.843  2.869  4.667  
                          5    4.219  3.461  3.545  4.174  
                          6    3.136  2.491  1.344  3.067  
                          7    3.742  2.809  1.203  3.315  
                      295 0    6.993  3.095  5.023  5.358  
                          1    5.518  3.882  5.188  4.738  
                          2    7.397  5.127  6.227  6.814  
                          3    7.266  5.603  5.628  6.790  
                          4    5.392  6.423  6.339  5.135  
                          5    5.362  5.393  5.266  5.291  
                          6    6.159  4.629  7.575  5.499  
                          7    4.864  3.705  5.192  3.952  

---------------------------------------------------
Your Pixel Enhancement SD DataFrame
---------------------------------------------------
                                  1      2      3      4      5      6   \
Pixel enhancement STD ID1 ID2                                             
enh(t)                294 0    2.015  2.706  2.263  2.251  2.696  2.342   
                          1    1.624  2.265  1.984  1.998  1.878  2.155   
                          2    2.892  3.626  3.007  3.518  4.187  3.007   
                          3    1.622  2.057  1.969  1.931  2.136  2.041   
                          4    2.052  2.421  2.133  2.317  1.053  2.442   
                          5    2.291  2.891  2.765  2.673  2.363  2.722   
                          6    1.306  1.632  1.535  1.401  1.866  1.403   
                          7    1.422  1.865  1.594  1.598  1.611  1.565   
                      295 0    3.724  4.406  4.825  3.651  3.555  4.811   
                          1    2.229  2.722  2.574  2.626  2.909  2.914   
                          2    3.265  4.191  3.841  3.614  3.402  3.953   
                          3    3.623  4.068  3.787  3.689  3.408  3.329   
                          4    3.673  5.044  3.559  4.628  5.324  3.622   
                          5    2.665  3.727  2.158  3.375  3.662  2.172   
                          6    2.556  3.627  2.927  3.042  3.186  2.923   
                          7    2.202  2.996  2.370  2.354  2.456  2.532   

                                  7      8      9      10  
Pixel enhancement STD ID1 ID2                              
enh(t)                294 0    2.487  1.985  2.219  2.405  
                          1    2.155  1.601  3.148  2.565  
                          2    2.925  2.323  3.057  2.649  
                          3    2.211  1.823  1.522  2.264  
                          4    2.449  1.976  1.322  2.561  
                          5    3.086  2.422  2.153  2.693  
                          6    1.515  1.177  0.884  1.456  
                          7    1.616  1.234  0.738  1.542  
                      295 0    4.803  2.559  3.891  4.147  
                          1    2.856  2.221  3.223  2.743  
                          2    4.069  2.791  3.669  3.949  
                          3    3.723  3.024  2.948  3.273  
                          4    3.933  4.528  4.227  3.956  
                          5    2.564  3.347  3.208  2.761  
                          6    3.386  2.552  5.597  3.299  
                          7    2.686  2.027  2.842  2.211  

---------------------------------------------------
Your dataframes have been printed
---------------------------------------------------

ANOVA
___________________________________________________

One-way ANOVA P = 0.562677075784



The differences between the means are not statistically significant 


Your analysis is complete.
___________________________________________________

