Enter Filename: 13D13

---------------------------------------------------
Your Ktrans DataFrame
---------------------------------------------------
                    Mean       STD       Max       Min
Ktrans ID1 ID2                                        
ktrans 294 0    0.001100  0.041500  0.039510  0.007110
           1    0.003248  0.009400  0.013542  0.001004
           2    0.003424  0.001200  0.014300  0.003723
           3    0.003660  0.001554  0.009212  0.001370
           4    0.002776  0.001063  0.006084  0.001318
           5    0.002963  0.001283  0.009280  0.000827
           6    0.003408  0.001280  0.008642  0.001329
           7    0.002639  0.001202  0.009964  0.000899
       295 0    0.003989  0.002443  0.022795  0.001209
           1    0.003103  0.001647  0.011101  0.000873
           2    0.003363  0.001410  0.007894  0.001012
           3    0.002737  0.001430  0.008228  0.000865
           4    0.002477  0.001038  0.008856  0.009971
           5    0.002958  0.000987  0.007485  0.001090
           6    0.002745  0.001240  0.008067  0.000655
           7    0.002940  0.001095  0.008734  0.000853

---------------------------------------------------
Your dicoef DataFrame
---------------------------------------------------
                     Mean       STD       Max       Min
Difcoef ID1 ID2                                        
difcoef 294 0    0.000355  0.004605  0.036989  0.056920
            1    0.000921  0.002297  0.013682  0.003890
            2    0.000592  0.003597  0.056284  0.009841
            3    0.000480  0.002706  0.010119  0.016510
            4    0.001040  0.001862  0.006716  0.003420
            5    0.000684  0.002030  0.009366  0.006720
            6    0.000806  0.003086  0.030098  0.007990
            7    0.000813  0.002217  0.014542  0.006793
        295 0    0.000198  0.002410  0.008933  0.022970
            1    0.000506  0.002459  0.016231  0.012600
            2    0.000509  0.001962  0.010615  0.008620
            3    0.000050  0.001742  0.004670  0.010600
            4    0.000496  0.003281  0.014529  0.029430
            5    0.000338  0.003106  0.009363  0.031960
            6    0.000364  0.002977  0.013134  0.028110
            7    0.000707  0.003457  0.031581  0.025890

---------------------------------------------------
Your Pixel Enchancement Averages DataFrame
---------------------------------------------------
                                  1      2      3      4      5      6   \
Pixel enhancement Ave ID1 ID2                                             
enhanc(t)             294 0    1.101  1.201  1.301  1.401  1.501  1.601   
                          1    1.361  1.472  1.610  1.327  1.387  1.271   
                          2    1.101  1.201  1.301  1.401  1.501  1.601   
                          3    1.101  1.201  1.301  1.401  1.501  1.601   
                          4    1.101  1.201  1.301  1.401  1.501  1.601   
                          5    1.101  1.201  1.301  1.401  1.501  1.601   
                          6    1.101  1.201  1.301  1.401  1.501  1.601   
                          7    1.101  1.201  1.301  1.401  1.501  1.601   
                      295 0    1.101  1.201  1.301  1.401  1.501  1.601   
                          1    1.101  1.201  1.301  1.401  1.501  1.601   
                          2    1.361  1.472  1.610  1.327  1.387  1.271   
                          3    1.101  1.201  1.301  1.401  1.501  1.601   
                          4    1.101  1.201  1.301  1.401  1.501  1.601   
                          5    1.101  1.201  1.301  1.401  1.501  1.601   
                          6    1.101  1.201  1.301  1.401  1.501  1.601   
                          7    1.101  1.201  1.301  1.401  1.501  1.601   

                                  7      8      9      10     11      12  
Pixel enhancement Ave ID1 ID2                                             
enhanc(t)             294 0    1.701  1.801  1.901  2.101  2.202  2.3010  
                          1    1.387  0.978  1.194  1.513  1.621  0.8260  
                          2    1.701  1.801  1.901  2.101  2.202  2.3010  
                          3    1.701  1.801  1.901  2.101  2.202  2.3010  
                          4    1.701  1.801  1.901  2.101  2.202  2.3010  
                          5    1.701  1.801  1.901  2.101  2.202  2.3010  
                          6    1.701  1.801  1.901  2.101  2.202  2.3010  
                          7    1.701  1.801  1.901  2.101  2.202  2.3010  
                      295 0    1.701  1.801  1.901  2.101  2.202  2.3010  
                          1    1.701  1.801  1.901  2.101  2.202  2.3010  
                          2    1.387  0.978  1.194  1.513  1.621  0.8260  
                          3    1.701  1.801  1.901  2.101  2.202  2.3010  
                          4    1.701  1.801  1.901  2.101  2.202  2.3010  
                          5    1.701  1.801  1.901  2.101  2.202  2.3019  
                          6    1.701  1.801  1.901  2.101  2.202  2.3010  
                          7    1.701  1.801  1.901  2.101  2.202  2.3010  

---------------------------------------------------
Your Pixel Enhancement SD DataFrame
---------------------------------------------------
                                     1         2         3         4   \
Pixel enhancement STD ID1 ID2                                           
enh(t)                294 0    0.466100  0.556500  0.604900  0.506184   
                          1    1.448890  1.415980  1.562450  0.872304   
                          2    0.951954  1.013200  1.127610  1.011130   
                          3    0.702100  0.717600  0.906983  0.797692   
                          4    0.557700  0.633071  0.561683  0.467488   
                          5    0.723400  0.858488  0.598377  0.491666   
                          6    0.571400  0.641060  0.678364  0.731981   
                          7    0.533600  0.564711  0.668100  0.593287   
                      295 0    1.009000  1.492830  1.448440  0.843391   
                          1    0.788300  0.810082  0.825435  0.808054   
                          2    0.644700  0.712822  0.805300  0.808661   
                          3    0.763500  0.620907  0.622902  0.822550   
                          4    0.462300  0.584503  0.625700  0.515024   
                          5    0.410000  0.604891  0.746864  0.510684   
                          6    0.648000  0.600514  0.721020  0.770576   
                          7    0.563600  0.589100  0.659000  0.609000   

                                     5         6         7         8   \
Pixel enhancement STD ID1 ID2                                           
enh(t)                294 0    0.559700  0.409600  0.597400  0.374300   
                          1    1.251650  1.183030  1.226730  0.910754   
                          2    0.989751  0.840910  1.097630  0.670726   
                          3    0.746058  0.615097  0.812593  0.516093   
                          4    0.456453  0.496700  0.623328  0.316664   
                          5    0.596937  0.487500  0.651991  0.379373   
                          6    0.624065  0.533400  0.856381  0.372067   
                          7    0.599101  0.525300  0.641444  0.396973   
                      295 0    1.208010  1.166430  1.090210  0.860854   
                          1    0.733949  0.647700  0.698089  0.531439   
                          2    0.698888  0.674500  0.693801  0.457834   
                          3    0.610092  0.595000  0.590075  0.468756   
                          4    0.508791  0.488500  0.694511  0.307900   
                          5    0.429478  0.394500  0.680882  0.305200   
                          6    0.609987  0.520830  0.759525  0.359700   
                          7    0.547800  0.461900  0.753750  0.343900   

                                     9         10        11        12  
Pixel enhancement STD ID1 ID2                                          
enh(t)                294 0    0.585600  0.531000  0.605800  0.299700  
                          1    0.754381  1.281390  1.337960  0.696808  
                          2    1.112600  0.991707  1.029760  0.472378  
                          3    0.897662  0.784399  0.853545  0.417300  
                          4    0.492074  0.505310  0.895083  0.318200  
                          5    0.593400  0.635623  0.886371  0.417298  
                          6    0.658734  0.738634  0.821941  0.430344  
                          7    0.606293  0.678336  0.709409  0.333723  
                      295 0    1.222940  1.100540  1.318020  0.646269  
                          1    0.908098  0.754138  0.938402  0.443945  
                          2    0.718876  0.758098  0.773689  0.407440  
                          3    0.638000  0.823035  0.740776  0.405794  
                          4    0.467831  0.517121  0.699125  0.308387  
                          5    0.548380  0.495913  0.616970  0.261258  
                          6    0.594583  0.657468  0.831780  0.313729  
                          7    0.545769  0.599777  0.767468  0.330600  

---------------------------------------------------
Your dataframes have been printed
---------------------------------------------------


ANOVA 
___________________________________________________

One-way ANOVA P = 0.0299818647638



The differences between some of the means are statistically significant


Your analysis is complete.
___________________________________________________

